// Jest Snapshot v1, https://goo.gl/fbAQLP

exports[`Prueba en el componente <SearchPage/> debe de mostrarse correctamente con valores por defecto 1`] = `
<div>
  <h1>
    SearchPage
  </h1>
  <hr />
  <div
    class="row"
  >
    <div
      class="col-5"
    >
      <h4>
        Searching
      </h4>
      <form>
        <input
          aria-label="form"
          autocomplete="off"
          class="form-control"
          name="searchText"
          placeholder="Search a hero"
          type="text"
          value=""
        />
        <button
          class="btn btn-outline-primary mt-1"
        >
          Search
        </button>
      </form>
    </div>
    <div
      class="col-7"
    >
      <h4>
        Results
      </h4>
      <hr />
      <div
        aria-label="showSearch"
        class="alert alert-primary"
      >
        Search a hero
      </div>
      <div
        aria-label="showError"
        class="alert alert-danger"
        style="display: none;"
      >
        No hero with 
        <b />
      </div>
    </div>
  </div>
</div>
`;
